../Core/Src/main.c:84:5:main	8	static
../Core/Src/main.c:149:6:SystemClock_Config	88	static
../Core/Src/main.c:195:13:MX_I2C2_Init	8	static
../Core/Src/main.c:229:13:MX_USART2_UART_Init	8	static
../Core/Src/main.c:262:13:MX_GPIO_Init	24	static
../Core/Src/main.c:282:6:I2C_Scanner	112	static
../Core/Src/main.c:332:6:UART_Print	16	static
../Core/Src/main.c:341:6:MPU6050_Init	128	static
../Core/Src/main.c:384:6:MPU6050_Read_All	304	static
../Core/Src/main.c:445:6:Error_Handler	4	static,ignoring_inline_asm
